// Jest Snapshot v1, https://goo.gl/fbAQLP

exports[`CalendarAxis - default should render a meridiem axis 1`] = `
<svg
  id="meridiem-labels"
>
  <text
    class="meridiem-label"
    style="font-size: 12;"
    x="5"
    y="80.8"
  >
    AM
  </text>
  <text
    class="meridiem-label"
    style="font-size: 12;"
    x="5"
    y="122.8"
  >
    PM
  </text>
</svg>
`;

exports[`CalendarAxis - default should render a month axis 1`] = `
<svg
  id="month-labels"
>
  <text
    class="month-label"
    data-month="7"
    data-year="2018"
    style="font-size: 10.5;"
    x="85"
    y="50"
  >
    Jul
  </text>
</svg>
`;

exports[`CalendarAxis - default should render a week axis 1`] = `
<svg
  id="weekday-labels"
>
  <text
    class="weekday-label"
    style="font-size: 10.5;"
    x="5"
    y="68.3"
  >
    Sun
  </text>
  <text
    class="weekday-label"
    style="font-size: 10.5;"
    x="5"
    y="84.05"
  >
    Mon
  </text>
  <text
    class="weekday-label"
    style="font-size: 10.5;"
    x="5"
    y="99.8"
  >
    Tue
  </text>
  <text
    class="weekday-label"
    style="font-size: 10.5;"
    x="5"
    y="115.55"
  >
    Wed
  </text>
  <text
    class="weekday-label"
    style="font-size: 10.5;"
    x="5"
    y="131.3"
  >
    Thu
  </text>
  <text
    class="weekday-label"
    style="font-size: 10.5;"
    x="5"
    y="147.05"
  >
    Fri
  </text>
  <text
    class="weekday-label"
    style="font-size: 10.5;"
    x="5"
    y="162.8"
  >
    Sat
  </text>
</svg>
`;

exports[`CalendarAxis - default should render an hour axis 1`] = `
<svg
  id="hours-labels"
>
  <text
    class="hour-label"
    style="font-size: 12;"
    x="40"
    y="50"
  >
    0:00
  </text>
  <text
    class="hour-label"
    style="font-size: 12;"
    x="80"
    y="50"
  >
    1:00
  </text>
  <text
    class="hour-label"
    style="font-size: 12;"
    x="120"
    y="50"
  >
    2:00
  </text>
  <text
    class="hour-label"
    style="font-size: 12;"
    x="160"
    y="50"
  >
    3:00
  </text>
  <text
    class="hour-label"
    style="font-size: 12;"
    x="200"
    y="50"
  >
    4:00
  </text>
  <text
    class="hour-label"
    style="font-size: 12;"
    x="240"
    y="50"
  >
    5:00
  </text>
  <text
    class="hour-label"
    style="font-size: 12;"
    x="280"
    y="50"
  >
    6:00
  </text>
  <text
    class="hour-label"
    style="font-size: 12;"
    x="320"
    y="50"
  >
    7:00
  </text>
  <text
    class="hour-label"
    style="font-size: 12;"
    x="360"
    y="50"
  >
    8:00
  </text>
  <text
    class="hour-label"
    style="font-size: 12;"
    x="400"
    y="50"
  >
    9:00
  </text>
  <text
    class="hour-label"
    style="font-size: 12;"
    x="440"
    y="50"
  >
    10:00
  </text>
  <text
    class="hour-label"
    style="font-size: 12;"
    x="480"
    y="50"
  >
    11:00
  </text>
  <text
    class="hour-label"
    style="font-size: 12;"
    x="520"
    y="50"
  >
    12:00
  </text>
</svg>
`;
